// Jest Snapshot v1, https://goo.gl/fbAQLP

exports[`SelectInput Component should render correctly 1`] = `
<div
  className="form-group"
>
  <label
    htmlFor=""
  >
    <span>
      error
    </span>
  </label>
  <div
    className="field"
  >
    <select
      className="form-control"
      name=""
      onChange={[MockFunction]}
      value=""
    >
      <option
        value=""
      />
      <option
        key="text"
        value="text"
      >
        text
      </option>
    </select>
  </div>
</div>
`;
