// Jest Snapshot v1, https://goo.gl/fbAQLP

exports[`AboutPage Component should render correctly 1`] = `
<form>
  <TextInput
    error=""
    label="Title"
    name="title"
    onChange={[MockFunction]}
    value=""
  />
  <SelectInput
    defaultOption="Select Author"
    error=""
    label="Author"
    name="authorId"
    onChange={[MockFunction]}
    options={Array []}
    value=""
  />
  <TextInput
    error=""
    label="Category"
    name="category"
    onChange={[MockFunction]}
    value=""
  />
  <TextInput
    error=""
    label="Length"
    name="length"
    onChange={[MockFunction]}
    value=""
  />
  <button
    className="btn btn-primary"
    disabled={false}
    onClick={[MockFunction]}
  >
    Save
  </button>
</form>
`;
