// Jest Snapshot v1, https://goo.gl/fbAQLP

exports[`AuthorsPage Component should render correctly 1`] = `
<div>
  <div
    className="jumbotron"
  >
    <h1
      className="display-4"
    >
      Authors Page
    </h1>
    <button
      className="btn btn-primary"
      onClick={[Function]}
      type="button"
    >
      Add Author
    </button>
  </div>
  <div>
    <div>
      <table
        className="table table-striped"
      >
        <thead>
          <tr>
            <th
              scope="col"
            >
              S/N
            </th>
            <th
              scope="col"
            >
              First Name
            </th>
            <th
              scope="col"
            >
              Last Name
            </th>
            <th
              scope="col"
            >
               
            </th>
          </tr>
        </thead>
        <tbody>
          <AuthorList
            author={
              Object {
                "firstName": "Cory",
                "id": "cory-house",
                "lastName": "House",
              }
            }
            deleteAuthor={[Function]}
            id="cory-house"
            key="cory-house"
          />
          <AuthorList
            author={
              Object {
                "firstName": "Scott",
                "id": "scott-allen",
                "lastName": "Allen",
              }
            }
            deleteAuthor={[Function]}
            id="scott-allen"
            key="scott-allen"
          />
          <AuthorList
            author={
              Object {
                "firstName": "Dan",
                "id": "dan-wahlin",
                "lastName": "Wahlin",
              }
            }
            deleteAuthor={[Function]}
            id="dan-wahlin"
            key="dan-wahlin"
          />
        </tbody>
      </table>
      <Pagination
        className=""
        current={1}
        defaultCurrent={1}
        defaultPageSize={10}
        hideOnSinglePage={false}
        itemRender={[Function]}
        locale={
          Object {
            "items_per_page": "条/页",
            "jump_to": "跳至",
            "jump_to_confirm": "确定",
            "next_3": "向后 3 页",
            "next_5": "向后 5 页",
            "next_page": "下一页",
            "page": "页",
            "prev_3": "向前 3 页",
            "prev_5": "向前 5 页",
            "prev_page": "上一页",
          }
        }
        onChange={[Function]}
        onShowSizeChange={[Function]}
        pageSize={4}
        prefixCls="rc-pagination"
        selectComponentClass={null}
        selectPrefixCls="rc-select"
        showLessItems={false}
        showPrevNextJumpers={true}
        showQuickJumper={false}
        showSizeChanger={false}
        showTitle={true}
        style={Object {}}
        total={3}
      />
    </div>
  </div>
</div>
`;
