// Jest Snapshot v1, https://goo.gl/fbAQLP

exports[`CourseList Component should render correctly 1`] = `
<tr>
  <td
    scope="row"
  >
    <a
      href="http://www.pluralsight.com/courses/react-flux-building-applications"
      target="_blank"
    >
      Watch
    </a>
  </td>
  <td>
    <Link
      replace={false}
      to="/course/react-flux-building-applications"
    >
      Building Applications in React and Flux
    </Link>
  </td>
  <td>
    cory-house
  </td>
  <td>
    JavaScript
  </td>
  <td>
    5:08
  </td>
  <td>
    <span
      onClick={[Function]}
      tabIndex={1}
      type="button"
    >
      delete
    </span>
  </td>
</tr>
`;
