// Jest Snapshot v1, https://goo.gl/fbAQLP

exports[`CoursePage Component should render correctly 1`] = `
<div>
  <div
    className="jumbotron"
  >
    <h1
      className="display-4"
    >
      Courses Page
    </h1>
    <hr
      className="my-4"
    />
    <button
      className="btn btn-primary"
      onClick={[Function]}
      type="button"
    >
      Add Course
    </button>
  </div>
  <div>
    <table
      className="table table-striped"
    >
      <thead>
        <tr>
          <th
            scope="col"
          >
             
          </th>
          <th
            scope="col"
          >
            Title
          </th>
          <th
            scope="col"
          >
            Author
          </th>
          <th
            scope="col"
          >
            Category
          </th>
          <th
            scope="col"
          >
            Length
          </th>
          <th
            scope="col"
          >
             
          </th>
        </tr>
      </thead>
      <tbody>
        <CourseList
          course={
            Object {
              "authorId": "cory-house",
              "category": "JavaScript",
              "id": "react-flux-building-applications",
              "length": "5:08",
              "title": "Building Applications in React and Flux",
              "watchHref": "http://www.pluralsight.com/courses/react-flux-building",
            }
          }
          deleteCourse={[Function]}
          id="react-flux-building-applications"
          key="react-flux-building-applications"
        />
      </tbody>
    </table>
    <Pagination
      className=""
      current={1}
      defaultCurrent={1}
      defaultPageSize={10}
      hideOnSinglePage={false}
      itemRender={[Function]}
      locale={
        Object {
          "items_per_page": "条/页",
          "jump_to": "跳至",
          "jump_to_confirm": "确定",
          "next_3": "向后 3 页",
          "next_5": "向后 5 页",
          "next_page": "下一页",
          "page": "页",
          "prev_3": "向前 3 页",
          "prev_5": "向前 5 页",
          "prev_page": "上一页",
        }
      }
      onChange={[Function]}
      onShowSizeChange={[Function]}
      pageSize={4}
      prefixCls="rc-pagination"
      selectComponentClass={null}
      selectPrefixCls="rc-select"
      showLessItems={false}
      showPrevNextJumpers={true}
      showQuickJumper={false}
      showSizeChanger={false}
      showTitle={true}
      style={Object {}}
      total={1}
    />
  </div>
</div>
`;
