// Jest Snapshot v1, https://goo.gl/fbAQLP

exports[`ManageCourse Component should render correctly 1`] = `
<Fragment>
  <Prompt
    message="Your unsaved data will be lost"
    when={false}
  />
  <div
    className="jumbotron"
  >
    <h1
      className="display-4"
    >
      Manage Course
    </h1>
  </div>
  <CourseForm
    allAuthors={
      Array [
        Object {
          "text": "Cory House",
          "value": "cory-house",
        },
      ]
    }
    course={
      Object {
        "authorId": "",
        "category": "",
        "id": "courseID",
        "length": "",
        "title": "",
        "watchHref": "",
      }
    }
    errors={Object {}}
    loading={false}
    onChange={[Function]}
    onSave={[Function]}
  />
</Fragment>
`;
